Archive member included to satisfy reference by file (symbol)

d:/st/stm32cubeide_1.9.0/stm32cubeide/plugins/com.st.stm32cube.ide.mcu.externaltools.gnu-tools-for-stm32.10.3-2021.10.win32_1.0.0.202111181127/tools/bin/../lib/gcc/arm-none-eabi/10.3.1/../../../../arm-none-eabi/lib/thumb/v7-m/nofp\libc_nano.a(lib_a-errno.o)
                              ./Application/User/Core/syscalls.o (__errno)
d:/st/stm32cubeide_1.9.0/stm32cubeide/plugins/com.st.stm32cube.ide.mcu.externaltools.gnu-tools-for-stm32.10.3-2021.10.win32_1.0.0.202111181127/tools/bin/../lib/gcc/arm-none-eabi/10.3.1/../../../../arm-none-eabi/lib/thumb/v7-m/nofp\libc_nano.a(lib_a-exit.o)
                              d:/st/stm32cubeide_1.9.0/stm32cubeide/plugins/com.st.stm32cube.ide.mcu.externaltools.gnu-tools-for-stm32.10.3-2021.10.win32_1.0.0.202111181127/tools/bin/../lib/gcc/arm-none-eabi/10.3.1/../../../../arm-none-eabi/lib/thumb/v7-m/nofp/crt0.o (exit)
d:/st/stm32cubeide_1.9.0/stm32cubeide/plugins/com.st.stm32cube.ide.mcu.externaltools.gnu-tools-for-stm32.10.3-2021.10.win32_1.0.0.202111181127/tools/bin/../lib/gcc/arm-none-eabi/10.3.1/../../../../arm-none-eabi/lib/thumb/v7-m/nofp\libc_nano.a(lib_a-impure.o)
                              d:/st/stm32cubeide_1.9.0/stm32cubeide/plugins/com.st.stm32cube.ide.mcu.externaltools.gnu-tools-for-stm32.10.3-2021.10.win32_1.0.0.202111181127/tools/bin/../lib/gcc/arm-none-eabi/10.3.1/../../../../arm-none-eabi/lib/thumb/v7-m/nofp\libc_nano.a(lib_a-exit.o) (_global_impure_ptr)
d:/st/stm32cubeide_1.9.0/stm32cubeide/plugins/com.st.stm32cube.ide.mcu.externaltools.gnu-tools-for-stm32.10.3-2021.10.win32_1.0.0.202111181127/tools/bin/../lib/gcc/arm-none-eabi/10.3.1/../../../../arm-none-eabi/lib/thumb/v7-m/nofp\libc_nano.a(lib_a-init.o)
                              d:/st/stm32cubeide_1.9.0/stm32cubeide/plugins/com.st.stm32cube.ide.mcu.externaltools.gnu-tools-for-stm32.10.3-2021.10.win32_1.0.0.202111181127/tools/bin/../lib/gcc/arm-none-eabi/10.3.1/../../../../arm-none-eabi/lib/thumb/v7-m/nofp/crt0.o (__libc_init_array)
d:/st/stm32cubeide_1.9.0/stm32cubeide/plugins/com.st.stm32cube.ide.mcu.externaltools.gnu-tools-for-stm32.10.3-2021.10.win32_1.0.0.202111181127/tools/bin/../lib/gcc/arm-none-eabi/10.3.1/../../../../arm-none-eabi/lib/thumb/v7-m/nofp\libc_nano.a(lib_a-memset.o)
                              d:/st/stm32cubeide_1.9.0/stm32cubeide/plugins/com.st.stm32cube.ide.mcu.externaltools.gnu-tools-for-stm32.10.3-2021.10.win32_1.0.0.202111181127/tools/bin/../lib/gcc/arm-none-eabi/10.3.1/../../../../arm-none-eabi/lib/thumb/v7-m/nofp/crt0.o (memset)

Discarded input sections

 .text          0x0000000000000000        0x0 d:/st/stm32cubeide_1.9.0/stm32cubeide/plugins/com.st.stm32cube.ide.mcu.externaltools.gnu-tools-for-stm32.10.3-2021.10.win32_1.0.0.202111181127/tools/bin/../lib/gcc/arm-none-eabi/10.3.1/thumb/v7-m/nofp/crti.o
 .data          0x0000000000000000        0x0 d:/st/stm32cubeide_1.9.0/stm32cubeide/plugins/com.st.stm32cube.ide.mcu.externaltools.gnu-tools-for-stm32.10.3-2021.10.win32_1.0.0.202111181127/tools/bin/../lib/gcc/arm-none-eabi/10.3.1/thumb/v7-m/nofp/crti.o
 .bss           0x0000000000000000        0x0 d:/st/stm32cubeide_1.9.0/stm32cubeide/plugins/com.st.stm32cube.ide.mcu.externaltools.gnu-tools-for-stm32.10.3-2021.10.win32_1.0.0.202111181127/tools/bin/../lib/gcc/arm-none-eabi/10.3.1/thumb/v7-m/nofp/crti.o
 .data          0x0000000000000000        0x4 d:/st/stm32cubeide_1.9.0/stm32cubeide/plugins/com.st.stm32cube.ide.mcu.externaltools.gnu-tools-for-stm32.10.3-2021.10.win32_1.0.0.202111181127/tools/bin/../lib/gcc/arm-none-eabi/10.3.1/thumb/v7-m/nofp/crtbegin.o
 .rodata        0x0000000000000000       0x24 d:/st/stm32cubeide_1.9.0/stm32cubeide/plugins/com.st.stm32cube.ide.mcu.externaltools.gnu-tools-for-stm32.10.3-2021.10.win32_1.0.0.202111181127/tools/bin/../lib/gcc/arm-none-eabi/10.3.1/thumb/v7-m/nofp/crtbegin.o
 .text          0x0000000000000000       0x7c d:/st/stm32cubeide_1.9.0/stm32cubeide/plugins/com.st.stm32cube.ide.mcu.externaltools.gnu-tools-for-stm32.10.3-2021.10.win32_1.0.0.202111181127/tools/bin/../lib/gcc/arm-none-eabi/10.3.1/../../../../arm-none-eabi/lib/thumb/v7-m/nofp/crt0.o
 .data          0x0000000000000000        0x0 d:/st/stm32cubeide_1.9.0/stm32cubeide/plugins/com.st.stm32cube.ide.mcu.externaltools.gnu-tools-for-stm32.10.3-2021.10.win32_1.0.0.202111181127/tools/bin/../lib/gcc/arm-none-eabi/10.3.1/../../../../arm-none-eabi/lib/thumb/v7-m/nofp/crt0.o
 .bss           0x0000000000000000        0x0 d:/st/stm32cubeide_1.9.0/stm32cubeide/plugins/com.st.stm32cube.ide.mcu.externaltools.gnu-tools-for-stm32.10.3-2021.10.win32_1.0.0.202111181127/tools/bin/../lib/gcc/arm-none-eabi/10.3.1/../../../../arm-none-eabi/lib/thumb/v7-m/nofp/crt0.o
[...]
Memory Configuration

Name             Origin             Length             Attributes
RAM              0x0000000020000000 0x0000000000005000 xrw
FLASH            0x0000000008000000 0x0000000000010000 xr
*default*        0x0000000000000000 0xffffffffffffffff

Linker script and memory map

LOAD d:/st/stm32cubeide_1.9.0/stm32cubeide/plugins/com.st.stm32cube.ide.mcu.externaltools.gnu-tools-for-stm32.10.3-2021.10.win32_1.0.0.202111181127/tools/bin/../lib/gcc/arm-none-eabi/10.3.1/thumb/v7-m/nofp/crti.o
LOAD d:/st/stm32cubeide_1.9.0/stm32cubeide/plugins/com.st.stm32cube.ide.mcu.externaltools.gnu-tools-for-stm32.10.3-2021.10.win32_1.0.0.202111181127/tools/bin/../lib/gcc/arm-none-eabi/10.3.1/thumb/v7-m/nofp/crtbegin.o
LOAD d:/st/stm32cubeide_1.9.0/stm32cubeide/plugins/com.st.stm32cube.ide.mcu.externaltools.gnu-tools-for-stm32.10.3-2021.10.win32_1.0.0.202111181127/tools/bin/../lib/gcc/arm-none-eabi/10.3.1/../../../../arm-none-eabi/lib/thumb/v7-m/nofp/crt0.o
LOAD ./Application/User/Core/main.o
LOAD ./Application/User/Core/stm32f1xx_hal_msp.o
LOAD ./Application/User/Core/stm32f1xx_it.o
LOAD ./Application/User/Core/syscalls.o
LOAD ./Application/User/Core/sysmem.o
LOAD ./Application/User/Startup/startup_stm32f103c8tx.o
LOAD ./Drivers/CMSIS/system_stm32f1xx.o
LOAD ./Drivers/STM32F1xx_HAL_Driver/stm32f1xx_hal.o
LOAD ./Drivers/STM32F1xx_HAL_Driver/stm32f1xx_hal_adc.o
LOAD ./Drivers/STM32F1xx_HAL_Driver/stm32f1xx_hal_adc_ex.o
LOAD ./Drivers/STM32F1xx_HAL_Driver/stm32f1xx_hal_can.o
LOAD ./Drivers/STM32F1xx_HAL_Driver/stm32f1xx_hal_cortex.o
LOAD ./Drivers/STM32F1xx_HAL_Driver/stm32f1xx_hal_dma.o
LOAD ./Drivers/STM32F1xx_HAL_Driver/stm32f1xx_hal_exti.o
LOAD ./Drivers/STM32F1xx_HAL_Driver/stm32f1xx_hal_flash.o
LOAD ./Drivers/STM32F1xx_HAL_Driver/stm32f1xx_hal_flash_ex.o
LOAD ./Drivers/STM32F1xx_HAL_Driver/stm32f1xx_hal_gpio.o
LOAD ./Drivers/STM32F1xx_HAL_Driver/stm32f1xx_hal_gpio_ex.o
LOAD ./Drivers/STM32F1xx_HAL_Driver/stm32f1xx_hal_pwr.o
LOAD ./Drivers/STM32F1xx_HAL_Driver/stm32f1xx_hal_rcc.o
LOAD ./Drivers/STM32F1xx_HAL_Driver/stm32f1xx_hal_rcc_ex.o
LOAD ./Drivers/STM32F1xx_HAL_Driver/stm32f1xx_hal_tim.o
LOAD ./Drivers/STM32F1xx_HAL_Driver/stm32f1xx_hal_tim_ex.o
START GROUP
LOAD d:/st/stm32cubeide_1.9.0/stm32cubeide/plugins/com.st.stm32cube.ide.mcu.externaltools.gnu-tools-for-stm32.10.3-2021.10.win32_1.0.0.202111181127/tools/bin/../lib/gcc/arm-none-eabi/10.3.1/../../../../arm-none-eabi/lib/thumb/v7-m/nofp\libc_nano.a
LOAD d:/st/stm32cubeide_1.9.0/stm32cubeide/plugins/com.st.stm32cube.ide.mcu.externaltools.gnu-tools-for-stm32.10.3-2021.10.win32_1.0.0.202111181127/tools/bin/../lib/gcc/arm-none-eabi/10.3.1/../../../../arm-none-eabi/lib/thumb/v7-m/nofp\libm.a
END GROUP
START GROUP
LOAD d:/st/stm32cubeide_1.9.0/stm32cubeide/plugins/com.st.stm32cube.ide.mcu.externaltools.gnu-tools-for-stm32.10.3-2021.10.win32_1.0.0.202111181127/tools/bin/../lib/gcc/arm-none-eabi/10.3.1/thumb/v7-m/nofp\libgcc.a
LOAD d:/st/stm32cubeide_1.9.0/stm32cubeide/plugins/com.st.stm32cube.ide.mcu.externaltools.gnu-tools-for-stm32.10.3-2021.10.win32_1.0.0.202111181127/tools/bin/../lib/gcc/arm-none-eabi/10.3.1/../../../../arm-none-eabi/lib/thumb/v7-m/nofp\libc_nano.a
END GROUP
START GROUP
LOAD d:/st/stm32cubeide_1.9.0/stm32cubeide/plugins/com.st.stm32cube.ide.mcu.externaltools.gnu-tools-for-stm32.10.3-2021.10.win32_1.0.0.202111181127/tools/bin/../lib/gcc/arm-none-eabi/10.3.1/thumb/v7-m/nofp\libgcc.a
LOAD d:/st/stm32cubeide_1.9.0/stm32cubeide/plugins/com.st.stm32cube.ide.mcu.externaltools.gnu-tools-for-stm32.10.3-2021.10.win32_1.0.0.202111181127/tools/bin/../lib/gcc/arm-none-eabi/10.3.1/../../../../arm-none-eabi/lib/thumb/v7-m/nofp\libc_nano.a
LOAD d:/st/stm32cubeide_1.9.0/stm32cubeide/plugins/com.st.stm32cube.ide.mcu.externaltools.gnu-tools-for-stm32.10.3-2021.10.win32_1.0.0.202111181127/tools/bin/../lib/gcc/arm-none-eabi/10.3.1/../../../../arm-none-eabi/lib/thumb/v7-m/nofp\libnosys.a
END GROUP
START GROUP
LOAD d:/st/stm32cubeide_1.9.0/stm32cubeide/plugins/com.st.stm32cube.ide.mcu.externaltools.gnu-tools-for-stm32.10.3-2021.10.win32_1.0.0.202111181127/tools/bin/../lib/gcc/arm-none-eabi/10.3.1/thumb/v7-m/nofp\libgcc.a
LOAD d:/st/stm32cubeide_1.9.0/stm32cubeide/plugins/com.st.stm32cube.ide.mcu.externaltools.gnu-tools-for-stm32.10.3-2021.10.win32_1.0.0.202111181127/tools/bin/../lib/gcc/arm-none-eabi/10.3.1/../../../../arm-none-eabi/lib/thumb/v7-m/nofp\libc_nano.a
LOAD d:/st/stm32cubeide_1.9.0/stm32cubeide/plugins/com.st.stm32cube.ide.mcu.externaltools.gnu-tools-for-stm32.10.3-2021.10.win32_1.0.0.202111181127/tools/bin/../lib/gcc/arm-none-eabi/10.3.1/../../../../arm-none-eabi/lib/thumb/v7-m/nofp\libnosys.a
END GROUP
LOAD d:/st/stm32cubeide_1.9.0/stm32cubeide/plugins/com.st.stm32cube.ide.mcu.externaltools.gnu-tools-for-stm32.10.3-2021.10.win32_1.0.0.202111181127/tools/bin/../lib/gcc/arm-none-eabi/10.3.1/thumb/v7-m/nofp/crtend.o
LOAD d:/st/stm32cubeide_1.9.0/stm32cubeide/plugins/com.st.stm32cube.ide.mcu.externaltools.gnu-tools-for-stm32.10.3-2021.10.win32_1.0.0.202111181127/tools/bin/../lib/gcc/arm-none-eabi/10.3.1/thumb/v7-m/nofp/crtn.o
                0x0000000020005000                _estack = (ORIGIN (RAM) + LENGTH (RAM))
                0x0000000000000200                _Min_Heap_Size = 0x200
                0x0000000000000400                _Min_Stack_Size = 0x400

.isr_vector     0x0000000008000000      0x10c
                0x0000000008000000                . = ALIGN (0x4)
 *(.isr_vector)
 .isr_vector    0x0000000008000000      0x10c ./Application/User/Startup/startup_stm32f103c8tx.o
                0x0000000008000000                g_pfnVectors
                0x000000000800010c                . = ALIGN (0x4)

.text           0x000000000800010c     0x19b8
                0x000000000800010c                . = ALIGN (0x4)
 *(.text)
 .text          0x000000000800010c       0x40 d:/st/stm32cubeide_1.9.0/stm32cubeide/plugins/com.st.stm32cube.ide.mcu.externaltools.gnu-tools-for-stm32.10.3-2021.10.win32_1.0.0.202111181127/tools/bin/../lib/gcc/arm-none-eabi/10.3.1/thumb/v7-m/nofp/crtbegin.o
 *(.text*)
 .text.main     0x000000000800014c       0x1a ./Application/User/Core/main.o
                0x000000000800014c                main
 .text.SystemClock_Config
                0x0000000008000166       0xb6 ./Application/User/Core/main.o
                0x0000000008000166                SystemClock_Config
 .text.MX_ADC1_Init
                0x000000000800021c       0x7c ./Application/User/Core/main.o
 .text.MX_CAN_Init
                0x0000000008000298       0x68 ./Application/User/Core/main.o
 .text.MX_GPIO_Init
                0x0000000008000300       0x44 ./Application/User/Core/main.o
 .text.Error_Handler
                0x0000000008000344        0xa ./Application/User/Core/main.o
                0x0000000008000344                Error_Handler
 *fill*         0x000000000800034e        0x2 
 .text.HAL_MspInit
                0x0000000008000350       0x64 ./Application/User/Core/stm32f1xx_hal_msp.o
                0x0000000008000350                HAL_MspInit
 .text.HAL_ADC_MspInit
                0x00000000080003b4       0x78 ./Application/User/Core/stm32f1xx_hal_msp.o
                0x00000000080003b4                HAL_ADC_MspInit
 .text.HAL_CAN_MspInit
                0x000000000800042c       0x98 ./Application/User/Core/stm32f1xx_hal_msp.o
                0x000000000800042c                HAL_CAN_MspInit
 .text.NMI_Handler
                0x00000000080004c4        0x6 ./Application/User/Core/stm32f1xx_it.o
                0x00000000080004c4                NMI_Handler
 .text.HardFault_Handler
                0x00000000080004ca        0x6 ./Application/User/Core/stm32f1xx_it.o
                0x00000000080004ca                HardFault_Handler
 .text.MemManage_Handler
                0x00000000080004d0        0x6 ./Application/User/Core/stm32f1xx_it.o
                0x00000000080004d0                MemManage_Handler
 .text.BusFault_Handler
                0x00000000080004d6        0x6 ./Application/User/Core/stm32f1xx_it.o
                0x00000000080004d6                BusFault_Handler
 .text.UsageFault_Handler
                0x00000000080004dc        0x6 ./Application/User/Core/stm32f1xx_it.o
                0x00000000080004dc                UsageFault_Handler
 .text.SVC_Handler
                0x00000000080004e2        0xc ./Application/User/Core/stm32f1xx_it.o
                0x00000000080004e2                SVC_Handler
 .text.DebugMon_Handler
                0x00000000080004ee        0xc ./Application/User/Core/stm32f1xx_it.o
                0x00000000080004ee                DebugMon_Handler
 .text.PendSV_Handler
                0x00000000080004fa        0xc ./Application/User/Core/stm32f1xx_it.o
                0x00000000080004fa                PendSV_Handler
 .text.SysTick_Handler
                0x0000000008000506        0xc ./Application/User/Core/stm32f1xx_it.o
                0x0000000008000506                SysTick_Handler
 *fill*         0x0000000008000512        0x2 
 .text.Reset_Handler
                0x0000000008000514       0x48 ./Application/User/Startup/startup_stm32f103c8tx.o
                0x0000000008000514                Reset_Handler
 .text.Default_Handler
                0x000000000800055c        0x2 ./Application/User/Startup/startup_stm32f103c8tx.o
                0x000000000800055c                RTC_Alarm_IRQHandler
                0x000000000800055c                EXTI2_IRQHandler
                0x000000000800055c                TIM1_CC_IRQHandler
                0x000000000800055c                PVD_IRQHandler
                0x000000000800055c                EXTI3_IRQHandler
                0x000000000800055c                EXTI0_IRQHandler
                0x000000000800055c                I2C2_EV_IRQHandler
                0x000000000800055c                ADC1_2_IRQHandler
                0x000000000800055c                SPI1_IRQHandler
                0x000000000800055c                TAMPER_IRQHandler
                0x000000000800055c                DMA1_Channel4_IRQHandler
                0x000000000800055c                USART3_IRQHandler
                0x000000000800055c                RTC_IRQHandler
                0x000000000800055c                DMA1_Channel7_IRQHandler
                0x000000000800055c                CAN1_RX1_IRQHandler
                0x000000000800055c                TIM4_IRQHandler
                0x000000000800055c                I2C1_EV_IRQHandler
                0x000000000800055c                DMA1_Channel6_IRQHandler
                0x000000000800055c                TIM3_IRQHandler
                0x000000000800055c                RCC_IRQHandler
                0x000000000800055c                TIM1_TRG_COM_IRQHandler
                0x000000000800055c                DMA1_Channel1_IRQHandler
                0x000000000800055c                Default_Handler
                0x000000000800055c                EXTI15_10_IRQHandler
                0x000000000800055c                EXTI9_5_IRQHandler
                0x000000000800055c                SPI2_IRQHandler
                0x000000000800055c                DMA1_Channel5_IRQHandler
                0x000000000800055c                EXTI4_IRQHandler
                0x000000000800055c                USB_LP_CAN1_RX0_IRQHandler
                0x000000000800055c                USB_HP_CAN1_TX_IRQHandler
                0x000000000800055c                DMA1_Channel3_IRQHandler
                0x000000000800055c                TIM1_UP_IRQHandler
                0x000000000800055c                WWDG_IRQHandler
                0x000000000800055c                TIM2_IRQHandler
                0x000000000800055c                TIM1_BRK_IRQHandler
                0x000000000800055c                EXTI1_IRQHandler
                0x000000000800055c                USART2_IRQHandler
                0x000000000800055c                I2C2_ER_IRQHandler
                0x000000000800055c                DMA1_Channel2_IRQHandler
                0x000000000800055c                CAN1_SCE_IRQHandler
                0x000000000800055c                FLASH_IRQHandler
                0x000000000800055c                USART1_IRQHandler
                0x000000000800055c                I2C1_ER_IRQHandler
                0x000000000800055c                USBWakeUp_IRQHandler
 .text.SystemInit
                0x000000000800055e        0xc ./Drivers/CMSIS/system_stm32f1xx.o
                0x000000000800055e                SystemInit
 *fill*         0x000000000800056a        0x2 
 .text.HAL_Init
                0x000000000800056c       0x2c ./Drivers/STM32F1xx_HAL_Driver/stm32f1xx_hal.o
                0x000000000800056c                HAL_Init
 .text.HAL_InitTick
                0x0000000008000598       0x60 ./Drivers/STM32F1xx_HAL_Driver/stm32f1xx_hal.o
                0x0000000008000598                HAL_InitTick
 .text.HAL_IncTick
                0x00000000080005f8       0x24 ./Drivers/STM32F1xx_HAL_Driver/stm32f1xx_hal.o
                0x00000000080005f8                HAL_IncTick
 .text.HAL_GetTick
                0x000000000800061c       0x14 ./Drivers/STM32F1xx_HAL_Driver/stm32f1xx_hal.o
                0x000000000800061c                HAL_GetTick
 .text.HAL_ADC_Init
                0x0000000008000630      0x1b0 ./Drivers/STM32F1xx_HAL_Driver/stm32f1xx_hal_adc.o
                0x0000000008000630                HAL_ADC_Init
 .text.HAL_ADC_ConfigChannel
                0x00000000080007e0      0x1f0 ./Drivers/STM32F1xx_HAL_Driver/stm32f1xx_hal_adc.o
                0x00000000080007e0                HAL_ADC_ConfigChannel
 .text.ADC_ConversionStop_Disable
                0x00000000080009d0       0x82 ./Drivers/STM32F1xx_HAL_Driver/stm32f1xx_hal_adc.o
                0x00000000080009d0                ADC_ConversionStop_Disable
 .text.HAL_CAN_Init
                0x0000000008000a52      0x1f6 ./Drivers/STM32F1xx_HAL_Driver/stm32f1xx_hal_can.o
                0x0000000008000a52                HAL_CAN_Init
 .text.__NVIC_SetPriorityGrouping
                0x0000000008000c48       0x48 ./Drivers/STM32F1xx_HAL_Driver/stm32f1xx_hal_cortex.o
 .text.__NVIC_GetPriorityGrouping
                0x0000000008000c90       0x1c ./Drivers/STM32F1xx_HAL_Driver/stm32f1xx_hal_cortex.o
 .text.__NVIC_SetPriority
                0x0000000008000cac       0x54 ./Drivers/STM32F1xx_HAL_Driver/stm32f1xx_hal_cortex.o
 .text.NVIC_EncodePriority
                0x0000000008000d00       0x64 ./Drivers/STM32F1xx_HAL_Driver/stm32f1xx_hal_cortex.o
 .text.SysTick_Config
                0x0000000008000d64       0x44 ./Drivers/STM32F1xx_HAL_Driver/stm32f1xx_hal_cortex.o
 .text.HAL_NVIC_SetPriorityGrouping
                0x0000000008000da8       0x16 ./Drivers/STM32F1xx_HAL_Driver/stm32f1xx_hal_cortex.o
                0x0000000008000da8                HAL_NVIC_SetPriorityGrouping
 .text.HAL_NVIC_SetPriority
                0x0000000008000dbe       0x38 ./Drivers/STM32F1xx_HAL_Driver/stm32f1xx_hal_cortex.o
                0x0000000008000dbe                HAL_NVIC_SetPriority
 .text.HAL_SYSTICK_Config
                0x0000000008000df6       0x18 ./Drivers/STM32F1xx_HAL_Driver/stm32f1xx_hal_cortex.o
                0x0000000008000df6                HAL_SYSTICK_Config
 *fill*         0x0000000008000e0e        0x2 
 .text.HAL_GPIO_Init
                0x0000000008000e10      0x308 ./Drivers/STM32F1xx_HAL_Driver/stm32f1xx_hal_gpio.o
                0x0000000008000e10                HAL_GPIO_Init
 .text.HAL_RCC_OscConfig
                0x0000000008001118      0x504 ./Drivers/STM32F1xx_HAL_Driver/stm32f1xx_hal_rcc.o
                0x0000000008001118                HAL_RCC_OscConfig
 .text.HAL_RCC_ClockConfig
                0x000000000800161c      0x1d4 ./Drivers/STM32F1xx_HAL_Driver/stm32f1xx_hal_rcc.o
                0x000000000800161c                HAL_RCC_ClockConfig
 .text.HAL_RCC_GetSysClockFreq
                0x00000000080017f0       0xbc ./Drivers/STM32F1xx_HAL_Driver/stm32f1xx_hal_rcc.o
                0x00000000080017f0                HAL_RCC_GetSysClockFreq
 .text.RCC_Delay
                0x00000000080018ac       0x3c ./Drivers/STM32F1xx_HAL_Driver/stm32f1xx_hal_rcc.o
 .text.HAL_RCCEx_PeriphCLKConfig
                0x00000000080018e8      0x16c ./Drivers/STM32F1xx_HAL_Driver/stm32f1xx_hal_rcc_ex.o
                0x00000000080018e8                HAL_RCCEx_PeriphCLKConfig
 .text.__libc_init_array
                0x0000000008001a54       0x48 d:/st/stm32cubeide_1.9.0/stm32cubeide/plugins/com.st.stm32cube.ide.mcu.externaltools.gnu-tools-for-stm32.10.3-2021.10.win32_1.0.0.202111181127/tools/bin/../lib/gcc/arm-none-eabi/10.3.1/../../../../arm-none-eabi/lib/thumb/v7-m/nofp\libc_nano.a(lib_a-init.o)
                0x0000000008001a54                __libc_init_array
 .text.memset   0x0000000008001a9c       0x10 d:/st/stm32cubeide_1.9.0/stm32cubeide/plugins/com.st.stm32cube.ide.mcu.externaltools.gnu-tools-for-stm32.10.3-2021.10.win32_1.0.0.202111181127/tools/bin/../lib/gcc/arm-none-eabi/10.3.1/../../../../arm-none-eabi/lib/thumb/v7-m/nofp\libc_nano.a(lib_a-memset.o)
                0x0000000008001a9c                memset
 *(.glue_7)
 .glue_7        0x0000000008001aac        0x0 linker stubs
 *(.glue_7t)
 .glue_7t       0x0000000008001aac        0x0 linker stubs
 *(.eh_frame)
 .eh_frame      0x0000000008001aac        0x0 d:/st/stm32cubeide_1.9.0/stm32cubeide/plugins/com.st.stm32cube.ide.mcu.externaltools.gnu-tools-for-stm32.10.3-2021.10.win32_1.0.0.202111181127/tools/bin/../lib/gcc/arm-none-eabi/10.3.1/thumb/v7-m/nofp/crtbegin.o
 *(.init)
 .init          0x0000000008001aac        0x4 d:/st/stm32cubeide_1.9.0/stm32cubeide/plugins/com.st.stm32cube.ide.mcu.externaltools.gnu-tools-for-stm32.10.3-2021.10.win32_1.0.0.202111181127/tools/bin/../lib/gcc/arm-none-eabi/10.3.1/thumb/v7-m/nofp/crti.o
                0x0000000008001aac                _init
 .init          0x0000000008001ab0        0x8 d:/st/stm32cubeide_1.9.0/stm32cubeide/plugins/com.st.stm32cube.ide.mcu.externaltools.gnu-tools-for-stm32.10.3-2021.10.win32_1.0.0.202111181127/tools/bin/../lib/gcc/arm-none-eabi/10.3.1/thumb/v7-m/nofp/crtn.o
 *(.fini)
 .fini          0x0000000008001ab8        0x4 d:/st/stm32cubeide_1.9.0/stm32cubeide/plugins/com.st.stm32cube.ide.mcu.externaltools.gnu-tools-for-stm32.10.3-2021.10.win32_1.0.0.202111181127/tools/bin/../lib/gcc/arm-none-eabi/10.3.1/thumb/v7-m/nofp/crti.o
                0x0000000008001ab8                _fini
 .fini          0x0000000008001abc        0x8 d:/st/stm32cubeide_1.9.0/stm32cubeide/plugins/com.st.stm32cube.ide.mcu.externaltools.gnu-tools-for-stm32.10.3-2021.10.win32_1.0.0.202111181127/tools/bin/../lib/gcc/arm-none-eabi/10.3.1/thumb/v7-m/nofp/crtn.o
                0x0000000008001ac4                . = ALIGN (0x4)
                0x0000000008001ac4                _etext = .

.vfp11_veneer   0x0000000008001ac4        0x0
 .vfp11_veneer  0x0000000008001ac4        0x0 linker stubs

.v4_bx          0x0000000008001ac4        0x0
 .v4_bx         0x0000000008001ac4        0x0 linker stubs

.iplt           0x0000000008001ac4        0x0
 .iplt          0x0000000008001ac4        0x0 d:/st/stm32cubeide_1.9.0/stm32cubeide/plugins/com.st.stm32cube.ide.mcu.externaltools.gnu-tools-for-stm32.10.3-2021.10.win32_1.0.0.202111181127/tools/bin/../lib/gcc/arm-none-eabi/10.3.1/thumb/v7-m/nofp/crtbegin.o

.rodata         0x0000000008001ac4       0x20
                0x0000000008001ac4                . = ALIGN (0x4)
 *(.rodata)
 .rodata        0x0000000008001ac4       0x10 ./Drivers/STM32F1xx_HAL_Driver/stm32f1xx_hal_rcc.o
 *(.rodata*)
 .rodata.AHBPrescTable
                0x0000000008001ad4       0x10 ./Drivers/CMSIS/system_stm32f1xx.o
                0x0000000008001ad4                AHBPrescTable
                0x0000000008001ae4                . = ALIGN (0x4)

.rel.dyn        0x0000000008001ae4        0x0
 .rel.iplt      0x0000000008001ae4        0x0 d:/st/stm32cubeide_1.9.0/stm32cubeide/plugins/com.st.stm32cube.ide.mcu.externaltools.gnu-tools-for-stm32.10.3-2021.10.win32_1.0.0.202111181127/tools/bin/../lib/gcc/arm-none-eabi/10.3.1/thumb/v7-m/nofp/crtbegin.o

.ARM.extab      0x0000000008001ae4        0x0
                0x0000000008001ae4                . = ALIGN (0x4)
 *(.ARM.extab* .gnu.linkonce.armextab.*)
                0x0000000008001ae4                . = ALIGN (0x4)

.ARM            0x0000000008001ae4        0x0
                0x0000000008001ae4                . = ALIGN (0x4)
                0x0000000008001ae4                __exidx_start = .
 *(.ARM.exidx*)
                0x0000000008001ae4                __exidx_end = .
                0x0000000008001ae4                . = ALIGN (0x4)

.preinit_array  0x0000000008001ae4        0x0
                0x0000000008001ae4                . = ALIGN (0x4)
                0x0000000008001ae4                PROVIDE (__preinit_array_start = .)
 *(.preinit_array*)
                0x0000000008001ae4                PROVIDE (__preinit_array_end = .)
                0x0000000008001ae4                . = ALIGN (0x4)

.init_array     0x0000000008001ae4        0x4
                0x0000000008001ae4                . = ALIGN (0x4)
                0x0000000008001ae4                PROVIDE (__init_array_start = .)
 *(SORT_BY_NAME(.init_array.*))
 *(.init_array*)
 .init_array    0x0000000008001ae4        0x4 d:/st/stm32cubeide_1.9.0/stm32cubeide/plugins/com.st.stm32cube.ide.mcu.externaltools.gnu-tools-for-stm32.10.3-2021.10.win32_1.0.0.202111181127/tools/bin/../lib/gcc/arm-none-eabi/10.3.1/thumb/v7-m/nofp/crtbegin.o
                0x0000000008001ae8                PROVIDE (__init_array_end = .)
                0x0000000008001ae8                . = ALIGN (0x4)

.fini_array     0x0000000008001ae8        0x4
                0x0000000008001ae8                . = ALIGN (0x4)
                [!provide]                        PROVIDE (__fini_array_start = .)
 *(SORT_BY_NAME(.fini_array.*))
 *(.fini_array*)
 .fini_array    0x0000000008001ae8        0x4 d:/st/stm32cubeide_1.9.0/stm32cubeide/plugins/com.st.stm32cube.ide.mcu.externaltools.gnu-tools-for-stm32.10.3-2021.10.win32_1.0.0.202111181127/tools/bin/../lib/gcc/arm-none-eabi/10.3.1/thumb/v7-m/nofp/crtbegin.o
                [!provide]                        PROVIDE (__fini_array_end = .)
                0x0000000008001aec                . = ALIGN (0x4)
                0x0000000008001aec                _sidata = LOADADDR (.data)

.data           0x0000000020000000        0xc load address 0x0000000008001aec
                0x0000000020000000                . = ALIGN (0x4)
                0x0000000020000000                _sdata = .
 *(.data)
 *(.data*)
 .data.SystemCoreClock
                0x0000000020000000        0x4 ./Drivers/CMSIS/system_stm32f1xx.o
                0x0000000020000000                SystemCoreClock
 .data.uwTickPrio
                0x0000000020000004        0x4 ./Drivers/STM32F1xx_HAL_Driver/stm32f1xx_hal.o
                0x0000000020000004                uwTickPrio
 .data.uwTickFreq
                0x0000000020000008        0x1 ./Drivers/STM32F1xx_HAL_Driver/stm32f1xx_hal.o
                0x0000000020000008                uwTickFreq
 *(.RamFunc)
 *(.RamFunc*)
                0x000000002000000c                . = ALIGN (0x4)
 *fill*         0x0000000020000009        0x3 
                0x000000002000000c                _edata = .

.igot.plt       0x000000002000000c        0x0 load address 0x0000000008001af8
 .igot.plt      0x000000002000000c        0x0 d:/st/stm32cubeide_1.9.0/stm32cubeide/plugins/com.st.stm32cube.ide.mcu.externaltools.gnu-tools-for-stm32.10.3-2021.10.win32_1.0.0.202111181127/tools/bin/../lib/gcc/arm-none-eabi/10.3.1/thumb/v7-m/nofp/crtbegin.o
                0x000000002000000c                . = ALIGN (0x4)

.bss            0x000000002000000c       0x78 load address 0x0000000008001af8
                0x000000002000000c                _sbss = .
                0x000000002000000c                __bss_start__ = _sbss
 *(.bss)
 .bss           0x000000002000000c       0x1c d:/st/stm32cubeide_1.9.0/stm32cubeide/plugins/com.st.stm32cube.ide.mcu.externaltools.gnu-tools-for-stm32.10.3-2021.10.win32_1.0.0.202111181127/tools/bin/../lib/gcc/arm-none-eabi/10.3.1/thumb/v7-m/nofp/crtbegin.o
 *(.bss*)
 .bss.hadc1     0x0000000020000028       0x30 ./Application/User/Core/main.o
                0x0000000020000028                hadc1
 .bss.hcan      0x0000000020000058       0x28 ./Application/User/Core/main.o
                0x0000000020000058                hcan
 .bss.uwTick    0x0000000020000080        0x4 ./Drivers/STM32F1xx_HAL_Driver/stm32f1xx_hal.o
                0x0000000020000080                uwTick
 *(COMMON)
                0x0000000020000084                . = ALIGN (0x4)
                0x0000000020000084                _ebss = .
                0x0000000020000084                __bss_end__ = _ebss

._user_heap_stack
                0x0000000020000084      0x604 load address 0x0000000008001af8
                0x0000000020000088                . = ALIGN (0x8)
 *fill*         0x0000000020000084        0x4 
                [!provide]                        PROVIDE (end = .)
                0x0000000020000088                PROVIDE (_end = .)
                0x0000000020000288                . = (. + _Min_Heap_Size)
 *fill*         0x0000000020000088      0x200 
                0x0000000020000688                . = (. + _Min_Stack_Size)
 *fill*         0x0000000020000288      0x400 
                0x0000000020000688                . = ALIGN (0x8)

/DISCARD/
 libc.a(*)
 libm.a(*)
 libgcc.a(*)

.ARM.attributes
                0x0000000000000000       0x29
 *(.ARM.attributes)
 .ARM.attributes
                0x0000000000000000       0x1d d:/st/stm32cubeide_1.9.0/stm32cubeide/plugins/com.st.stm32cube.ide.mcu.externaltools.gnu-tools-for-stm32.10.3-2021.10.win32_1.0.0.202111181127/tools/bin/../lib/gcc/arm-none-eabi/10.3.1/thumb/v7-m/nofp/crti.o
 .ARM.attributes
                0x000000000000001d       0x2d d:/st/stm32cubeide_1.9.0/stm32cubeide/plugins/com.st.stm32cube.ide.mcu.externaltools.gnu-tools-for-stm32.10.3-2021.10.win32_1.0.0.202111181127/tools/bin/../lib/gcc/arm-none-eabi/10.3.1/thumb/v7-m/nofp/crtbegin.o
 .ARM.attributes
                0x000000000000004a       0x2d ./Application/User/Core/main.o
 .ARM.attributes
                0x0000000000000077       0x2d ./Application/User/Core/stm32f1xx_hal_msp.o
 .ARM.attributes
                0x00000000000000a4       0x2d ./Application/User/Core/stm32f1xx_it.o
 .ARM.attributes
                0x00000000000000d1       0x21 ./Application/User/Startup/startup_stm32f103c8tx.o
 .ARM.attributes
                0x00000000000000f2       0x2d ./Drivers/CMSIS/system_stm32f1xx.o
 .ARM.attributes
                0x000000000000011f       0x2d ./Drivers/STM32F1xx_HAL_Driver/stm32f1xx_hal.o
 .ARM.attributes
                0x000000000000014c       0x2d ./Drivers/STM32F1xx_HAL_Driver/stm32f1xx_hal_adc.o
 .ARM.attributes
                0x0000000000000179       0x2d ./Drivers/STM32F1xx_HAL_Driver/stm32f1xx_hal_can.o
 .ARM.attributes
                0x00000000000001a6       0x2d ./Drivers/STM32F1xx_HAL_Driver/stm32f1xx_hal_cortex.o
 .ARM.attributes
                0x00000000000001d3       0x2d ./Drivers/STM32F1xx_HAL_Driver/stm32f1xx_hal_gpio.o
 .ARM.attributes
                0x0000000000000200       0x2d ./Drivers/STM32F1xx_HAL_Driver/stm32f1xx_hal_rcc.o
 .ARM.attributes
                0x000000000000022d       0x2d ./Drivers/STM32F1xx_HAL_Driver/stm32f1xx_hal_rcc_ex.o
 .ARM.attributes
                0x000000000000025a       0x2d d:/st/stm32cubeide_1.9.0/stm32cubeide/plugins/com.st.stm32cube.ide.mcu.externaltools.gnu-tools-for-stm32.10.3-2021.10.win32_1.0.0.202111181127/tools/bin/../lib/gcc/arm-none-eabi/10.3.1/../../../../arm-none-eabi/lib/thumb/v7-m/nofp\libc_nano.a(lib_a-init.o)
 .ARM.attributes
                0x0000000000000287       0x2d d:/st/stm32cubeide_1.9.0/stm32cubeide/plugins/com.st.stm32cube.ide.mcu.externaltools.gnu-tools-for-stm32.10.3-2021.10.win32_1.0.0.202111181127/tools/bin/../lib/gcc/arm-none-eabi/10.3.1/../../../../arm-none-eabi/lib/thumb/v7-m/nofp\libc_nano.a(lib_a-memset.o)
 .ARM.attributes
                0x00000000000002b4       0x1d d:/st/stm32cubeide_1.9.0/stm32cubeide/plugins/com.st.stm32cube.ide.mcu.externaltools.gnu-tools-for-stm32.10.3-2021.10.win32_1.0.0.202111181127/tools/bin/../lib/gcc/arm-none-eabi/10.3.1/thumb/v7-m/nofp/crtn.o
OUTPUT(test.elf elf32-littlearm)
LOAD linker stubs
LOAD d:/st/stm32cubeide_1.9.0/stm32cubeide/plugins/com.st.stm32cube.ide.mcu.externaltools.gnu-tools-for-stm32.10.3-2021.10.win32_1.0.0.202111181127/tools/bin/../lib/gcc/arm-none-eabi/10.3.1/../../../../arm-none-eabi/lib/thumb/v7-m/nofp\libc.a
LOAD d:/st/stm32cubeide_1.9.0/stm32cubeide/plugins/com.st.stm32cube.ide.mcu.externaltools.gnu-tools-for-stm32.10.3-2021.10.win32_1.0.0.202111181127/tools/bin/../lib/gcc/arm-none-eabi/10.3.1/../../../../arm-none-eabi/lib/thumb/v7-m/nofp\libm.a
LOAD d:/st/stm32cubeide_1.9.0/stm32cubeide/plugins/com.st.stm32cube.ide.mcu.externaltools.gnu-tools-for-stm32.10.3-2021.10.win32_1.0.0.202111181127/tools/bin/../lib/gcc/arm-none-eabi/10.3.1/thumb/v7-m/nofp\libgcc.a

.debug_info     0x0000000000000000     0x5e04
 .debug_info    0x0000000000000000      0xcfe ./Application/User/Core/main.o
 .debug_info    0x0000000000000cfe      0xc4b ./Application/User/Core/stm32f1xx_hal_msp.o
 .debug_info    0x0000000000001949      0x122 ./Application/User/Core/stm32f1xx_it.o
 .debug_info    0x0000000000001a6b       0x22 ./Application/User/Startup/startup_stm32f103c8tx.o
 .debug_info    0x0000000000001a8d      0x23d ./Drivers/CMSIS/system_stm32f1xx.o
 .debug_info    0x0000000000001cca      0x734 ./Drivers/STM32F1xx_HAL_Driver/stm32f1xx_hal.o
 .debug_info    0x00000000000023fe      0xcd9 ./Drivers/STM32F1xx_HAL_Driver/stm32f1xx_hal_adc.o
 .debug_info    0x00000000000030d7      0xfb8 ./Drivers/STM32F1xx_HAL_Driver/stm32f1xx_hal_can.o
 .debug_info    0x000000000000408f      0xb20 ./Drivers/STM32F1xx_HAL_Driver/stm32f1xx_hal_cortex.o
 .debug_info    0x0000000000004baf      0x615 ./Drivers/STM32F1xx_HAL_Driver/stm32f1xx_hal_gpio.o
 .debug_info    0x00000000000051c4      0x860 ./Drivers/STM32F1xx_HAL_Driver/stm32f1xx_hal_rcc.o
 .debug_info    0x0000000000005a24      0x3e0 ./Drivers/STM32F1xx_HAL_Driver/stm32f1xx_hal_rcc_ex.o

.debug_abbrev   0x0000000000000000     0x150c
 .debug_abbrev  0x0000000000000000      0x27b ./Application/User/Core/main.o
 .debug_abbrev  0x000000000000027b      0x1d6 ./Application/User/Core/stm32f1xx_hal_msp.o
 .debug_abbrev  0x0000000000000451       0x74 ./Application/User/Core/stm32f1xx_it.o
 .debug_abbrev  0x00000000000004c5       0x12 ./Application/User/Startup/startup_stm32f103c8tx.o
 .debug_abbrev  0x00000000000004d7      0x13b ./Drivers/CMSIS/system_stm32f1xx.o
 .debug_abbrev  0x0000000000000612      0x1fb ./Drivers/STM32F1xx_HAL_Driver/stm32f1xx_hal.o
 .debug_abbrev  0x000000000000080d      0x210 ./Drivers/STM32F1xx_HAL_Driver/stm32f1xx_hal_adc.o
 .debug_abbrev  0x0000000000000a1d      0x21d ./Drivers/STM32F1xx_HAL_Driver/stm32f1xx_hal_can.o
 .debug_abbrev  0x0000000000000c3a      0x2ed ./Drivers/STM32F1xx_HAL_Driver/stm32f1xx_hal_cortex.o
 .debug_abbrev  0x0000000000000f27      0x1bb ./Drivers/STM32F1xx_HAL_Driver/stm32f1xx_hal_gpio.o
 .debug_abbrev  0x00000000000010e2      0x2a8 ./Drivers/STM32F1xx_HAL_Driver/stm32f1xx_hal_rcc.o
 .debug_abbrev  0x000000000000138a      0x182 ./Drivers/STM32F1xx_HAL_Driver/stm32f1xx_hal_rcc_ex.o

.debug_aranges  0x0000000000000000      0x658
 .debug_aranges
                0x0000000000000000       0x48 ./Application/User/Core/main.o
 .debug_aranges
                0x0000000000000048       0x40 ./Application/User/Core/stm32f1xx_hal_msp.o
 .debug_aranges
                0x0000000000000088       0x60 ./Application/User/Core/stm32f1xx_it.o
 .debug_aranges
                0x00000000000000e8       0x28 ./Application/User/Startup/startup_stm32f103c8tx.o
 .debug_aranges
                0x0000000000000110       0x28 ./Drivers/CMSIS/system_stm32f1xx.o
 .debug_aranges
                0x0000000000000138       0xe0 ./Drivers/STM32F1xx_HAL_Driver/stm32f1xx_hal.o
 .debug_aranges
                0x0000000000000218       0xf0 ./Drivers/STM32F1xx_HAL_Driver/stm32f1xx_hal_adc.o
 .debug_aranges
                0x0000000000000308      0x138 ./Drivers/STM32F1xx_HAL_Driver/stm32f1xx_hal_can.o
 .debug_aranges
                0x0000000000000440      0x100 ./Drivers/STM32F1xx_HAL_Driver/stm32f1xx_hal_cortex.o
 .debug_aranges
                0x0000000000000540       0x58 ./Drivers/STM32F1xx_HAL_Driver/stm32f1xx_hal_gpio.o
 .debug_aranges
                0x0000000000000598       0x90 ./Drivers/STM32F1xx_HAL_Driver/stm32f1xx_hal_rcc.o
 .debug_aranges
                0x0000000000000628       0x30 ./Drivers/STM32F1xx_HAL_Driver/stm32f1xx_hal_rcc_ex.o

.debug_ranges   0x0000000000000000      0x5a0
 .debug_ranges  0x0000000000000000       0x38 ./Application/User/Core/main.o
 .debug_ranges  0x0000000000000038       0x30 ./Application/User/Core/stm32f1xx_hal_msp.o
 .debug_ranges  0x0000000000000068       0x50 ./Application/User/Core/stm32f1xx_it.o
 .debug_ranges  0x00000000000000b8       0x20 ./Application/User/Startup/startup_stm32f103c8tx.o
 .debug_ranges  0x00000000000000d8       0x18 ./Drivers/CMSIS/system_stm32f1xx.o
 .debug_ranges  0x00000000000000f0       0xd0 ./Drivers/STM32F1xx_HAL_Driver/stm32f1xx_hal.o
 .debug_ranges  0x00000000000001c0       0xe0 ./Drivers/STM32F1xx_HAL_Driver/stm32f1xx_hal_adc.o
 .debug_ranges  0x00000000000002a0      0x128 ./Drivers/STM32F1xx_HAL_Driver/stm32f1xx_hal_can.o
 .debug_ranges  0x00000000000003c8       0xf0 ./Drivers/STM32F1xx_HAL_Driver/stm32f1xx_hal_cortex.o
 .debug_ranges  0x00000000000004b8       0x48 ./Drivers/STM32F1xx_HAL_Driver/stm32f1xx_hal_gpio.o
 .debug_ranges  0x0000000000000500       0x80 ./Drivers/STM32F1xx_HAL_Driver/stm32f1xx_hal_rcc.o
 .debug_ranges  0x0000000000000580       0x20 ./Drivers/STM32F1xx_HAL_Driver/stm32f1xx_hal_rcc_ex.o

.debug_macro    0x0000000000000000    0x168d5
 .debug_macro   0x0000000000000000      0x1ac ./Application/User/Core/main.o
 .debug_macro   0x00000000000001ac      0xa6c ./Application/User/Core/main.o
 .debug_macro   0x0000000000000c18      0x21b ./Application/User/Core/main.o
 .debug_macro   0x0000000000000e33       0x2e ./Application/User/Core/main.o
 .debug_macro   0x0000000000000e61       0x22 ./Application/User/Core/main.o
 .debug_macro   0x0000000000000e83       0x22 ./Application/User/Core/main.o
 .debug_macro   0x0000000000000ea5       0x8e ./Application/User/Core/main.o
 .debug_macro   0x0000000000000f33       0x51 ./Application/User/Core/main.o
 .debug_macro   0x0000000000000f84      0x103 ./Application/User/Core/main.o
 .debug_macro   0x0000000000001087       0x6a ./Application/User/Core/main.o
 .debug_macro   0x00000000000010f1      0x1df ./Application/User/Core/main.o
 .debug_macro   0x00000000000012d0       0x1c ./Application/User/Core/main.o
 .debug_macro   0x00000000000012ec       0x22 ./Application/User/Core/main.o
 .debug_macro   0x000000000000130e       0xbd ./Application/User/Core/main.o
 .debug_macro   0x00000000000013cb      0xd23 ./Application/User/Core/main.o
 .debug_macro   0x00000000000020ee     0xe09e ./Application/User/Core/main.o
 .debug_macro   0x000000000001018c       0x6d ./Application/User/Core/main.o
 .debug_macro   0x00000000000101f9     0x3468 ./Application/User/Core/main.o
 .debug_macro   0x0000000000013661      0x174 ./Application/User/Core/main.o
 .debug_macro   0x00000000000137d5       0x5c ./Application/User/Core/main.o
 .debug_macro   0x0000000000013831      0x5be ./Application/User/Core/main.o
 .debug_macro   0x0000000000013def      0x289 ./Application/User/Core/main.o
 .debug_macro   0x0000000000014078      0x1cb ./Application/User/Core/main.o
 .debug_macro   0x0000000000014243      0x114 ./Application/User/Core/main.o
 .debug_macro   0x0000000000014357      0x1b2 ./Application/User/Core/main.o
 .debug_macro   0x0000000000014509       0x27 ./Application/User/Core/main.o
 .debug_macro   0x0000000000014530      0x136 ./Application/User/Core/main.o
 .debug_macro   0x0000000000014666      0x1bc ./Application/User/Core/main.o
 .debug_macro   0x0000000000014822       0x34 ./Application/User/Core/main.o
 .debug_macro   0x0000000000014856       0x3c ./Application/User/Core/main.o
 .debug_macro   0x0000000000014892      0x408 ./Application/User/Core/main.o
 .debug_macro   0x0000000000014c9a       0x57 ./Application/User/Core/main.o
 .debug_macro   0x0000000000014cf1      0x46a ./Application/User/Core/main.o
 .debug_macro   0x000000000001515b      0x1b5 ./Application/User/Core/main.o
 .debug_macro   0x0000000000015310       0x88 ./Application/User/Core/main.o
 .debug_macro   0x0000000000015398      0x241 ./Application/User/Core/main.o
 .debug_macro   0x00000000000155d9      0x141 ./Application/User/Core/main.o
 .debug_macro   0x000000000001571a       0x83 ./Application/User/Core/main.o
 .debug_macro   0x000000000001579d      0x1ac ./Application/User/Core/stm32f1xx_hal_msp.o
 .debug_macro   0x0000000000015949      0x1b6 ./Application/User/Core/stm32f1xx_it.o
 .debug_macro   0x0000000000015aff      0x1a2 ./Drivers/CMSIS/system_stm32f1xx.o
 .debug_macro   0x0000000000015ca1      0x1c6 ./Drivers/STM32F1xx_HAL_Driver/stm32f1xx_hal.o
 .debug_macro   0x0000000000015e67      0x1bf ./Drivers/STM32F1xx_HAL_Driver/stm32f1xx_hal_adc.o
 .debug_macro   0x0000000000016026      0x1aa ./Drivers/STM32F1xx_HAL_Driver/stm32f1xx_hal_can.o
 .debug_macro   0x00000000000161d0      0x1a2 ./Drivers/STM32F1xx_HAL_Driver/stm32f1xx_hal_cortex.o
 .debug_macro   0x0000000000016372      0x20d ./Drivers/STM32F1xx_HAL_Driver/stm32f1xx_hal_gpio.o
 .debug_macro   0x000000000001657f      0x1b4 ./Drivers/STM32F1xx_HAL_Driver/stm32f1xx_hal_rcc.o
 .debug_macro   0x0000000000016733      0x1a2 ./Drivers/STM32F1xx_HAL_Driver/stm32f1xx_hal_rcc_ex.o

.debug_line     0x0000000000000000     0x7210
 .debug_line    0x0000000000000000      0x7ac ./Application/User/Core/main.o
 .debug_line    0x00000000000007ac      0x722 ./Application/User/Core/stm32f1xx_hal_msp.o
 .debug_line    0x0000000000000ece      0x74b ./Application/User/Core/stm32f1xx_it.o
 .debug_line    0x0000000000001619       0x93 ./Application/User/Startup/startup_stm32f103c8tx.o
 .debug_line    0x00000000000016ac      0x707 ./Drivers/CMSIS/system_stm32f1xx.o
 .debug_line    0x0000000000001db3      0x934 ./Drivers/STM32F1xx_HAL_Driver/stm32f1xx_hal.o
 .debug_line    0x00000000000026e7      0xfab ./Drivers/STM32F1xx_HAL_Driver/stm32f1xx_hal_adc.o
 .debug_line    0x0000000000003692     0x10d5 ./Drivers/STM32F1xx_HAL_Driver/stm32f1xx_hal_can.o
 .debug_line    0x0000000000004767      0xb1c ./Drivers/STM32F1xx_HAL_Driver/stm32f1xx_hal_cortex.o
 .debug_line    0x0000000000005283      0x9cb ./Drivers/STM32F1xx_HAL_Driver/stm32f1xx_hal_gpio.o
 .debug_line    0x0000000000005c4e      0xd42 ./Drivers/STM32F1xx_HAL_Driver/stm32f1xx_hal_rcc.o
 .debug_line    0x0000000000006990      0x880 ./Drivers/STM32F1xx_HAL_Driver/stm32f1xx_hal_rcc_ex.o

.debug_str      0x0000000000000000    0x834fb
 .debug_str     0x0000000000000000    0x81a55 ./Application/User/Core/main.o
                                      0x81df9 (size before relaxing)
 .debug_str     0x0000000000081a55      0x112 ./Application/User/Core/stm32f1xx_hal_msp.o
                                      0x81c28 (size before relaxing)
 .debug_str     0x0000000000081b67       0xd6 ./Application/User/Core/stm32f1xx_it.o
                                      0x81628 (size before relaxing)
 .debug_str     0x0000000000081c3d       0x42 ./Application/User/Startup/startup_stm32f103c8tx.o
                                         0x65 (size before relaxing)
 .debug_str     0x0000000000081c7f       0x95 ./Drivers/CMSIS/system_stm32f1xx.o
                                      0x8163e (size before relaxing)
 .debug_str     0x0000000000081d14      0x61e ./Drivers/STM32F1xx_HAL_Driver/stm32f1xx_hal.o
                                      0x81d71 (size before relaxing)
 .debug_str     0x0000000000082332      0x3b2 ./Drivers/STM32F1xx_HAL_Driver/stm32f1xx_hal_adc.o
                                      0x81d1b (size before relaxing)
 .debug_str     0x00000000000826e4      0x581 ./Drivers/STM32F1xx_HAL_Driver/stm32f1xx_hal_can.o
                                      0x81e3e (size before relaxing)
 .debug_str     0x0000000000082c65      0x2a0 ./Drivers/STM32F1xx_HAL_Driver/stm32f1xx_hal_cortex.o
                                      0x81cbd (size before relaxing)
 .debug_str     0x0000000000082f05      0x32f ./Drivers/STM32F1xx_HAL_Driver/stm32f1xx_hal_gpio.o
                                      0x819c4 (size before relaxing)
 .debug_str     0x0000000000083234      0x236 ./Drivers/STM32F1xx_HAL_Driver/stm32f1xx_hal_rcc.o
                                      0x81a6d (size before relaxing)
 .debug_str     0x000000000008346a       0x91 ./Drivers/STM32F1xx_HAL_Driver/stm32f1xx_hal_rcc_ex.o
                                      0x817bd (size before relaxing)

.comment        0x0000000000000000       0x50
 .comment       0x0000000000000000       0x50 ./Application/User/Core/main.o
                                         0x51 (size before relaxing)
 .comment       0x0000000000000050       0x51 ./Application/User/Core/stm32f1xx_hal_msp.o
 .comment       0x0000000000000050       0x51 ./Application/User/Core/stm32f1xx_it.o
 .comment       0x0000000000000050       0x51 ./Drivers/CMSIS/system_stm32f1xx.o
 .comment       0x0000000000000050       0x51 ./Drivers/STM32F1xx_HAL_Driver/stm32f1xx_hal.o
 .comment       0x0000000000000050       0x51 ./Drivers/STM32F1xx_HAL_Driver/stm32f1xx_hal_adc.o
 .comment       0x0000000000000050       0x51 ./Drivers/STM32F1xx_HAL_Driver/stm32f1xx_hal_can.o
 .comment       0x0000000000000050       0x51 ./Drivers/STM32F1xx_HAL_Driver/stm32f1xx_hal_cortex.o
 .comment       0x0000000000000050       0x51 ./Drivers/STM32F1xx_HAL_Driver/stm32f1xx_hal_gpio.o
 .comment       0x0000000000000050       0x51 ./Drivers/STM32F1xx_HAL_Driver/stm32f1xx_hal_rcc.o
 .comment       0x0000000000000050       0x51 ./Drivers/STM32F1xx_HAL_Driver/stm32f1xx_hal_rcc_ex.o

.debug_frame    0x0000000000000000     0x1834
 .debug_frame   0x0000000000000000       0xd0 ./Application/User/Core/main.o
 .debug_frame   0x00000000000000d0       0xc8 ./Application/User/Core/stm32f1xx_hal_msp.o
 .debug_frame   0x0000000000000198      0x104 ./Application/User/Core/stm32f1xx_it.o
 .debug_frame   0x000000000000029c       0x58 ./Drivers/CMSIS/system_stm32f1xx.o
 .debug_frame   0x00000000000002f4      0x334 ./Drivers/STM32F1xx_HAL_Driver/stm32f1xx_hal.o
 .debug_frame   0x0000000000000628      0x40c ./Drivers/STM32F1xx_HAL_Driver/stm32f1xx_hal_adc.o
 .debug_frame   0x0000000000000a34      0x5a0 ./Drivers/STM32F1xx_HAL_Driver/stm32f1xx_hal_can.o
 .debug_frame   0x0000000000000fd4      0x428 ./Drivers/STM32F1xx_HAL_Driver/stm32f1xx_hal_cortex.o
 .debug_frame   0x00000000000013fc      0x14c ./Drivers/STM32F1xx_HAL_Driver/stm32f1xx_hal_gpio.o
 .debug_frame   0x0000000000001548      0x21c ./Drivers/STM32F1xx_HAL_Driver/stm32f1xx_hal_rcc.o
 .debug_frame   0x0000000000001764       0x84 ./Drivers/STM32F1xx_HAL_Driver/stm32f1xx_hal_rcc_ex.o
 .debug_frame   0x00000000000017e8       0x2c d:/st/stm32cubeide_1.9.0/stm32cubeide/plugins/com.st.stm32cube.ide.mcu.externaltools.gnu-tools-for-stm32.10.3-2021.10.win32_1.0.0.202111181127/tools/bin/../lib/gcc/arm-none-eabi/10.3.1/../../../../arm-none-eabi/lib/thumb/v7-m/nofp\libc_nano.a(lib_a-init.o)
 .debug_frame   0x0000000000001814       0x20 d:/st/stm32cubeide_1.9.0/stm32cubeide/plugins/com.st.stm32cube.ide.mcu.externaltools.gnu-tools-for-stm32.10.3-2021.10.win32_1.0.0.202111181127/tools/bin/../lib/gcc/arm-none-eabi/10.3.1/../../../../arm-none-eabi/lib/thumb/v7-m/nofp\libc_nano.a(lib_a-memset.o)
